// Jest Snapshot v1, https://goo.gl/fbAQLP

exports[`Renders loading correctly 1`] = `Promise {}`;
